[kishanthobhani.com/index.html]
[backblue.gif]
[fade.gif]
[index.html]
[maxcdn.bootstrapcdn.com/bootstrap/3.3.6/css/bootstrap.min.css]
[maxcdn.bootstrapcdn.com/font-awesome/4.5.0/css/font-awesome.min.css]
[kishanthobhani.com/static/css/main.css]
[kishanthobhani.com/static/js/vendor/modernizr-2.6.2.js]
[kishanthobhani.com/blog.html]
[kishanthobhani.com/recommendations.html]
[kishanthobhani.com/static/cv.pdf]
[kishanthobhani.com/posts/ccavenue.html]
[kishanthobhani.com/posts/spotify.html]
[kishanthobhani.com/static/images/me.jpg]
[kishanthobhani.com/roadmap.html]
[licensebuttons.net/l/by-sa/4.0/80x15.png]
[www.google-analytics.com/analytics.js]
[kishanthobhani.com/index.html]
[maxcdn.bootstrapcdn.com/bootstrap/3.3.6/css/bootstrap.min.css]
[maxcdn.bootstrapcdn.com/font-awesome/4.5.0/css/font-awesome.min.css]
[kishanthobhani.com/static/css/main.css]
[kishanthobhani.com/posts/ccavenue-php.html]
[kishanthobhani.com/posts/ccavenue-ruby.html]
[kishanthobhani.com/blog.html]
[kishanthobhani.com/recommendations.html]
[kishanthobhani.com/posts/ccavenue.html]
[i.imgur.com/4PaqF4N.png]
[code.jquery.com/jquery-1.12.3.js]
[kishanthobhani.com/posts/spotify.html]
[kishanthobhani.com/roadmap.html]
[kishanthobhani.com/static/js/main.js]
[gist.github.com/kishanio/2460d1b672cb06fd1561.js]
[kishanthobhani.com/posts/ccavenue-php.html]
[gist.github.com/kishanio/f09e68241b097d16475c.js]
[kishanthobhani.com/posts/ccavenue-ruby.html]
[gist.github.com/kishanio/18479ff7c80321880866.js]
[maxcdn.bootstrapcdn.com/bootstrap/3.3.6/js/bootstrap.min.js]
